data/runs/2ea8946f-2007-4bd2-af57-352b792deb6d/panel.csv
t,firm_id,price,cost,quantity,profit
0,1,2.6,1.0,2500.0,4000.0
1,1,2.6,1.13495912653695,2500.0,3662.602183657625
2,1,2.6,1.1511797278362772,2500.0,3622.050680409307
3,1,2.6,1.0872407899548124,2500.0,3781.898025112969
4,1,2.6,1.160648733317354,2500.0,3598.378166706615
5,1,2.6,1.1568288404080875,2500.0,3607.9278989797813
6,1,2.6,1.2133740103401836,2500.0,3466.5649741495413
7,1,2.6,1.2560102116695588,2500.0,3359.9744708261032
8,1,2.6,1.247254767624582,2500.0,3381.8630809385454
9,1,2.6,1.1655896443605724,2500.0,3586.025889098569
10,1,2.6,1.164513569452929,2500.0,3588.716076367678
11,1,2.6,1.2516926039758938,2500.0,3370.768490060266
12,1,2.6,1.337187590090724,2500.0,3157.0310247731904
13,1,2.6,1.3894685223467398,2500.0,3026.3286941331507
14,1,2.6,1.2719899486713155,2500.0,3320.0251283217112
15,1,2.6,1.350318727557636,2500.0,3124.20318110591
16,1,2.6,1.361991500383681,2500.0,3095.0212490407976
17,1,2.6,1.2967193086706605,2500.0,3258.201728323349
18,1,2.6,1.3883462014185555,2500.0,3029.1344964536115
19,1,2.6,1.3913363874511837,2500.0,3021.6590313720408
20,1,2.6,1.3191188163968477,2500.0,3202.202959007881
21,1,2.6,1.1425945328689937,2500.0,3643.5136678275157
22,1,2.6,1.1161746054009527,2500.0,3709.5634864976187
23,1,2.6,1.0948121019738772,2500.0,3762.969745065307
24,1,2.6,1.231061380764621,2500.0,3422.346548088448
25,1,2.6,1.1809245527918872,2500.0,3547.6886180202823
26,1,2.6,1.1883057586365973,2500.0,3529.235603408507
27,1,2.6,1.1788543547129753,2500.0,3552.864113217562
28,1,2.6,1.0811588041604656,2500.0,3797.1029895988363
29,1,2.6,1.0545794903912615,2500.0,3863.5512740218464
30,1,2.6,1.1628801730450937,2500.0,3592.799567387266
31,1,2.6,1.1841599907335363,2500.0,3539.6000231661596
32,1,2.6,1.1435370267926412,2500.0,3641.157433018397
33,1,2.6,1.1957279618073557,2500.0,3510.680095481611
34,1,2.6,1.1576944171756474,2500.0,3605.7639570608817
35,1,2.6,1.1551353800855213,2500.0,3612.161549786197
36,1,2.6,1.174447251440985,2500.0,3563.881871397538
37,1,2.6,1.2843083787095866,2500.0,3289.2290532260336
38,1,2.6,1.5437016743888023,2500.0,2640.745814027994
39,1,2.6,1.474555855852707,2500.0,2813.6103603682327
40,1,2.6,1.552550509936782,2500.0,2618.623725158045
41,1,2.6,1.5029602154350645,2500.0,2742.5994614123388
42,1,2.6,1.4946384522251428,2500.0,2763.4038694371434
43,1,2.6,1.5723484411489843,2500.0,2569.1288971275394
44,1,2.6,1.6027433785528935,2500.0,2493.1415536177665
45,1,2.6,1.5961902774114602,2500.0,2509.5243064713495
46,1,2.6,1.548784139650058,2500.0,2628.0396508748554
47,1,2.6,1.555717837902427,2500.0,2610.7054052439325
48,1,2.6,1.6701711837766258,2500.0,2324.5720405584357
49,1,2.6,1.8674167911268391,2500.0,1831.4580221829024
50,1,2.6,1.7832020052783248,2500.0,2041.994986804188
51,1,2.6,1.7110601314572722,2500.0,2222.3496713568197
52,1,2.6,1.605967043330179,2500.0,2485.082391674553
53,1,2.6,1.4531321942691076,2500.0,2867.1695143272314
54,1,2.6,1.4412452247360323,2500.0,2896.8869381599193
55,1,2.6,1.3571603628396394,2500.0,3107.0990929009017
56,1,2.6,1.1740298972384242,2500.0,3564.9252569039395
57,1,2.6,1.2056207177070744,2500.0,3485.9482057323144
58,1,2.6,1.2357137775306557,2500.0,3410.715556173361
59,1,2.6,1.0921213002275207,2500.0,3769.6967494311984
60,1,2.6,1.0372650441431126,2500.0,3906.8373896422186
61,1,2.6,0.9315465696884291,2500.0,4171.1335757789275
62,1,2.6,0.9655025365101668,2500.0,4086.2436587245834
63,1,2.6,0.7682756570485312,2500.0,4579.310857378672
64,1,2.6,0.7317198347073712,2500.0,4670.700413231572
65,1,2.6,0.7912160738808955,2500.0,4521.959815297761
66,1,2.6,0.7688208299734229,2500.0,4577.947925066443
67,1,2.6,0.8038994824353741,2500.0,4490.251293911565
68,1,2.6,0.8034888316649761,2500.0,4491.27792083756
69,1,2.6,0.9327645916153532,2500.0,4168.088520961617
70,1,2.6,0.9554425022452617,2500.0,4111.393744386846
71,1,2.6,1.0135467892558903,2500.0,3966.1330268602746
72,1,2.6,0.9225102492357392,2500.0,4193.724376910653
73,1,2.6,0.8206403788647181,2500.0,4448.399052838205
74,1,2.6,0.8379522332020766,2500.0,4405.1194169948085
75,1,2.6,0.865504790019619,2500.0,4336.238024950952
76,1,2.6,0.7400106348254744,2500.0,4649.973412936314
77,1,2.6,0.6891812687497222,2500.0,4777.046828125695
78,1,2.6,0.6173932352436939,2500.0,4956.516911890765
79,1,2.6,0.8287747935810925,2500.0,4428.063016047269
80,1,2.6,0.8400052271437681,2500.0,4399.9869321405795
81,1,2.6,0.8861400603009514,2500.0,4284.649849247621
82,1,2.6,0.8562711027736175,2500.0,4359.322243065956
83,1,2.6,0.86689171562031,2500.0,4332.770710949225
84,1,2.6,1.0641115100144534,2500.0,3839.721224963867
85,1,2.6,1.0601561515447806,2500.0,3849.6096211380486
86,1,2.6,1.141783319202314,2500.0,3645.5417019942156
87,1,2.6,1.3096531630103934,2500.0,3225.8670924740168
88,1,2.6,1.2136694681992368,2500.0,3465.8263295019083
89,1,2.6,1.0717702195681502,2500.0,3820.574451079625
90,1,2.6,1.0573213079070751,2500.0,3856.6967302323123
91,1,2.6,0.8372969042094331,2500.0,4406.757739476418
92,1,2.6,0.7412563884756882,2500.0,4646.85902881078
93,1,2.6,0.7271067428903557,2500.0,4682.233142774111
94,1,2.5616940569015934,0.5616940569015934,2523.940482587769,5047.880965175538
95,1,2.6,0.6863814117959578,2472.4399355704772,4731.3070189256705
96,1,2.6,0.7077429932014787,2393.002247021307,4528.175269210675
97,1,2.6,0.7240691698899402,2361.9211080584178,4430.8006248945
98,1,2.6,0.6958355681584167,2389.143078897895,4549.321273417861
99,1,2.544561800571119,0.5445618005711191,2431.5875425742943,4863.175085148589
0,2,2.6,1.0,2500.0,4000.0
1,2,2.6,1.0192826545627447,2500.0,3951.7933635931386
2,2,2.6,0.9174213824130392,2500.0,4206.446543967402
3,2,2.6,0.9587909300871045,2500.0,4103.022674782239
4,2,2.6,0.9936414899856781,2500.0,4015.896275035805
5,2,2.6,0.9192047204350053,2500.0,4201.988198912487
6,2,2.6,1.0053008189728974,2500.0,3986.747952567757
7,2,2.6,0.9614505456732819,2500.0,4096.373635816795
8,2,2.6,0.8940122335692684,2500.0,4264.9694160768295
9,2,2.6,0.9061279479794833,2500.0,4234.6801300512925
10,2,2.6,1.145802499462744,2500.0,3635.49375134314
11,2,2.6,1.0288486693974492,2500.0,3927.878326506377
12,2,2.6,1.0554390367234208,2500.0,3861.402408191448
13,2,2.6,1.1642207479767732,2500.0,3589.4481300580674
14,2,2.6,1.2025921899351297,2500.0,3493.519525162176
15,2,2.6,1.3558893266779017,2500.0,3110.276683305246
16,2,2.6,1.3650341596216782,2500.0,3087.414600945805
17,2,2.6,1.301324649422839,2500.0,3246.6883764429026
18,2,2.6,1.2185079534909358,2500.0,3453.730116272661
19,2,2.6,1.185580406109507,2500.0,3536.048984726233
20,2,2.6,1.374995906421095,2500.0,3062.510233947263
21,2,2.6,1.5432140502341158,2500.0,2641.9648744147107
22,2,2.6,1.6103522972070026,2500.0,2474.119256982494
23,2,2.6,1.4370692892132693,2500.0,2907.326776966827
24,2,2.6,1.5490146656965615,2500.0,2627.4633357585963
25,2,2.6,1.6359597043709238,2500.0,2410.100739072691
26,2,2.6,1.6365250432022347,2500.0,2408.6873919944137
27,2,2.6,1.6164047369344987,2500.0,2458.9881576637536
28,2,2.6,1.698188029075448,2500.0,2254.52992731138
29,2,2.6,1.766288750456708,2500.0,2084.27812385823
30,2,2.6,1.9026165049353054,2500.0,1743.4587376617367
31,2,2.6,1.877223788286087,2500.0,1806.9405292847828
32,2,2.6,1.7944364766717367,2500.0,2013.9088083206586
33,2,2.6,1.9312147435433915,2500.0,1671.9631411415214
34,2,2.6,1.9190390137135975,2500.0,1702.4024657160064
35,2,2.6,1.8430849656745845,2500.0,1892.287585813539
36,2,2.6,1.7432290331570819,2500.0,2141.9274171072957
37,2,2.6,1.7893097184003857,2500.0,2026.725703999036
38,2,2.6,1.846913592518992,2500.0,1882.7160187025204
39,2,2.6,1.7897907940102038,2500.0,2025.5230149744907
40,2,2.6,1.870796433472171,2500.0,1823.0089163195728
41,2,2.6,1.9947897843836582,2500.0,1513.0255390408547
42,2,2.6,1.7471160554092702,2500.0,2132.2098614768247
43,2,2.6,1.846726459821301,2500.0,1883.183850446748
44,2,2.6,1.8370289820067522,2500.0,1907.4275449831196
45,2,2.6,1.8372733771065028,2500.0,1906.8165572337432
46,2,2.6,1.698124069419884,2500.0,2254.68982645029
47,2,2.6,1.5931978195597007,2500.0,2517.0054511007484
48,2,2.6,1.5017019315005804,2500.0,2745.745171248549
49,2,2.6,1.4305387799075169,2500.0,2923.653050231208
50,2,2.6,1.5081956528017202,2500.0,2729.5108679956998
51,2,2.6,1.3364748661829464,2500.0,3158.8128345426344
52,2,2.6,1.2187688185801915,2500.0,3453.0779535495217
53,2,2.6,1.3681810863133597,2500.0,3079.547284216601
54,2,2.6,1.4412769938258758,2500.0,2896.8075154353105
55,2,2.6,1.5624158703246451,2500.0,2593.9603241883874
56,2,2.6,1.7279181889461355,2500.0,2180.2045276346616
57,2,2.6,1.747369930141548,2500.0,2131.57517464613
58,2,2.6,1.6250162621867343,2500.0,2437.4593445331643
59,2,2.6,1.660929514846489,2500.0,2347.6762128837777
60,2,2.6,1.5918463884786875,2500.0,2520.3840288032816
61,2,2.6,1.6669292760880143,2500.0,2332.6768097799645
62,2,2.6,1.5448391009392184,2500.0,2637.9022476519544
63,2,2.6,1.6242798041036697,2500.0,2439.300489740826
64,2,2.6,1.647660864932233,2500.0,2380.8478376694175
65,2,2.6,1.5087830819188686,2500.0,2728.042295202829
66,2,2.6,1.5185543127283438,2500.0,2703.6142181791406
67,2,2.6,1.6797649477868102,2500.0,2300.587630532975
68,2,2.6,1.6185914572995472,2500.0,2453.5213567511323
69,2,2.6,1.5595553350683768,2500.0,2601.111662329058
70,2,2.6,1.5406720512701928,2500.0,2648.319871824518
71,2,2.6,1.5837807303847238,2500.0,2540.5481740381906
72,2,2.6,1.5413187046759724,2500.0,2646.703238310069
73,2,2.6,1.5250521068944272,2500.0,2687.3697327639325
74,2,2.6,1.389914225789348,2500.0,3025.2144355266305
75,2,2.6,1.5097471304936865,2500.0,2725.632173765784
76,2,2.6,1.3120871857807546,2500.0,3219.782035548114
77,2,2.6,1.2252361945521568,2500.0,3436.9095136196083
78,2,2.6,1.353410529855616,2500.0,3116.47367536096
79,2,2.6,1.2626323278894818,2500.0,3343.4191802762957
80,2,2.6,1.3246631553118913,2500.0,3188.342111720272
81,2,2.6,1.4489148976350446,2500.0,2877.7127559123887
82,2,2.6,1.4623262851462413,2500.0,2844.184287134397
83,2,2.6,1.5593233645310842,2500.0,2601.6915886722895
84,2,2.6,1.3108757867930712,2500.0,3222.8105330173225
85,2,2.6,1.2537390756312319,2500.0,3365.6523109219206
86,2,2.6,1.2733335838526236,2500.0,3316.6660403684414
87,2,2.6,1.065585151228037,2500.0,3836.0371219299077
88,2,2.6,1.0813836987081131,2500.0,3796.540753229717
89,2,2.6,1.0275667733707412,2500.0,3931.0830665731473
90,2,2.6,0.9496889071232435,2500.0,4125.777732191891
91,2,2.6,0.9332488767368023,2500.0,4166.877808157994
92,2,2.6,0.793791656590872,2500.0,4515.52085852282
93,2,2.6,0.6779529546397598,2500.0,4805.117613400601
94,2,2.6,0.6166230252882057,2476.0595174122304,4910.959434851416
95,2,2.5559021104619415,0.5559021104619415,2527.5600644295228,5055.1201288590455
96,2,2.4286989497816758,0.42869894978167566,2606.997752978693,5213.995505957386
97,2,2.378848713837722,0.37884871383772206,2638.0788919415822,5276.157783883164
98,2,2.4225125350936763,0.42251253509367614,2610.856921102105,5221.71384220421
99,2,2.4093585011631053,0.4093585011631055,2601.6503754573446,5203.300750914688
